// Jest Snapshot v1, https://goo.gl/fbAQLP

exports[`<Main /> should render correctly 1`] = `
.c0 {
  background-color: #f00;
}

<div
  class="c0"
>
  <h1>
    title
  </h1>
  <p>
    description
  </p>
</div>
`;
